Archive member included to satisfy reference by file (symbol)

../..//lib/libcircle.a(actled.o)
                              kernel.o (CActLED::CActLED(bool))
../..//lib/libcircle.a(devicenameservice.o)
                              kernel.o (CDeviceNameService::CDeviceNameService())
../..//lib/libcircle.a(koptions.o)
                              kernel.o (CKernelOptions::GetWidth() const)
../..//lib/libcircle.a(machineinfo.o)
                              ../..//lib/libcircle.a(actled.o) (CMachineInfo::GetActLEDInfo() const)
../..//lib/libcircle.a(string.o)
                              ../..//lib/libcircle.a(devicenameservice.o) (CString::~CString())
../..//lib/libcircle.a(sysinit.o)
                              main.o (halt)
../..//lib/libcircle.a(timer.o)
                              kernel.o (CTimer::CTimer(CInterruptSystem*))
../..//lib/libcircle.a(util.o)
                              ../..//lib/libcircle.a(devicenameservice.o) (strlen)
../..//lib/libcircle.a(util_fast.o)
                              ../..//lib/libcircle.a(sysinit.o) (memset)
../..//lib/libcircle.a(virtualgpiopin.o)
                              ../..//lib/libcircle.a(actled.o) (CVirtualGPIOPin::Write(unsigned int))
../..//lib/libcircle.a(chainboot.o)
                              ../..//lib/libcircle.a(sysinit.o) (IsChainBootEnabled)
../..//lib/libcircle.a(new.o)
                              ../..//lib/libcircle.a(actled.o) (operator new(unsigned int))
../..//lib/libcircle.a(heapallocator.o)
                              ../..//lib/libcircle.a(new.o) (CHeapAllocator::Allocate(unsigned int))
../..//lib/libcircle.a(2dgraphics.o)
                              kernel.o (C2DGraphics::C2DGraphics(unsigned int, unsigned int, bool, unsigned int))
../..//lib/libcircle.a(cache-v7.o)
                              ../..//lib/libcircle.a(sysinit.o) (InvalidateDataCacheL1Only)
../..//lib/libcircle.a(memory.o)
                              ../..//lib/libcircle.a(sysinit.o) (CMemorySystem::Destructor())
../..//lib/libcircle.a(pagetable.o)
                              ../..//lib/libcircle.a(memory.o) (CPageTable::CPageTable(unsigned int))
../..//lib/libcircle.a(startup.o)
                              (_start)
../..//lib/libcircle.a(synchronize.o)
                              ../..//lib/libcircle.a(devicenameservice.o) (EnterCritical)
../..//lib/libcircle.a(interrupt.o)
                              kernel.o (CInterruptSystem::CInterruptSystem())
../..//lib/libcircle.a(gpiopin.o)
                              ../..//lib/libcircle.a(actled.o) (CGPIOPin::Write(unsigned int))
../..//lib/libcircle.a(assert.o)
                              ../..//lib/libcircle.a(devicenameservice.o) (assertion_failed)
../..//lib/libcircle.a(display.o)
                              ../..//lib/libcircle.a(2dgraphics.o) (CDisplay::GetColor(CDisplay::TColor) const)
../..//lib/libcircle.a(bcmframebuffer.o)
                              ../..//lib/libcircle.a(2dgraphics.o) (CBcmFrameBuffer::CBcmFrameBuffer(unsigned int, unsigned int, unsigned int, unsigned int, unsigned int, unsigned int, bool))
../..//lib/libcircle.a(bcmpropertytags.o)
                              ../..//lib/libcircle.a(koptions.o) (CBcmPropertyTags::CBcmPropertyTags(bool))
../..//lib/libcircle.a(chargenerator.o)
                              ../..//lib/libcircle.a(2dgraphics.o) (CCharGenerator::CCharGenerator(TFont const&, CCharGenerator::TFontFlags))
../..//lib/libcircle.a(debug.o)
                              ../..//lib/libcircle.a(assert.o) (debug_stacktrace(unsigned int const*, char const*))
../..//lib/libcircle.a(delayloop.o)
                              ../..//lib/libcircle.a(timer.o) (DelayLoop)
../..//lib/libcircle.a(dmachannel.o)
                              ../..//lib/libcircle.a(bcmframebuffer.o) (CDMAChannel::CDMAChannel(unsigned int, CInterruptSystem*))
../..//lib/libcircle.a(logger.o)
                              ../..//lib/libcircle.a(timer.o) (CLogger::Get())
../..//lib/libcircle.a(ptrlist.o)
                              ../..//lib/libcircle.a(timer.o) (CPtrList::CPtrList())
../..//lib/libcircle.a(pageallocator.o)
                              ../..//lib/libcircle.a(memory.o) (CPageAllocator::CPageAllocator())
../..//lib/libcircle.a(exceptionstub.o)
                              ../..//lib/libcircle.a(interrupt.o) (IRQStub)
../..//lib/libcircle.a(gpiomanager.o)
                              ../..//lib/libcircle.a(gpiopin.o) (CGPIOManager::ConnectInterrupt(CGPIOPin*))
../..//lib/libcircle.a(bcmmailbox.o)
                              ../..//lib/libcircle.a(bcmpropertytags.o) (CBcmMailBox::CBcmMailBox(unsigned int, bool))
../..//lib/libcircle.a(exceptionhandler.o)
                              ../..//lib/libcircle.a(exceptionstub.o) (ExceptionHandler)
/usr/lib/gcc/arm-none-eabi/13.2.1/thumb/v8-a+simd/hard/libgcc.a(_aeabi_uldivmod.o)
                              ../..//lib/libcircle.a(string.o) (__aeabi_uldivmod)
/usr/lib/gcc/arm-none-eabi/13.2.1/thumb/v8-a+simd/hard/libgcc.a(_udivmoddi4.o)
                              /usr/lib/gcc/arm-none-eabi/13.2.1/thumb/v8-a+simd/hard/libgcc.a(_aeabi_uldivmod.o) (__udivmoddi4)
/usr/lib/gcc/arm-none-eabi/13.2.1/thumb/v8-a+simd/hard/libgcc.a(_dvmd_tls.o)
                              /usr/lib/gcc/arm-none-eabi/13.2.1/thumb/v8-a+simd/hard/libgcc.a(_aeabi_uldivmod.o) (__aeabi_ldiv0)

There are no discarded input sections

Memory Configuration

Name             Origin             Length             Attributes
*default*        0x00000000         0xffffffff

Linker script and memory map

Address of section .init set to 0x8000

.init           0x00008000       0x70
 *(.init)
 .init          0x00008000       0x70 ../..//lib/libcircle.a(startup.o)
                0x00008000                _start
                0x00008064                _start_secondary

.text           0x00008070     0xe03c
 *(.text*)
 .text          0x00008070        0x0 main.o
 .text.startup  0x00008070       0x3c main.o
                0x00008070                main
 .text          0x000080ac      0x20c kernel.o
                0x000080ac                CKernel::CKernel()
                0x000080ac                CKernel::CKernel()
                0x0000818c                CKernel::Initialize()
                0x00008218                CKernel::Run()
 .text          0x000082b8      0x1ec ../..//lib/libcircle.a(actled.o)
                0x000082b8                CActLED::CActLED(bool)
                0x000082b8                CActLED::CActLED(bool)
                0x00008390                CActLED::~CActLED()
                0x00008390                CActLED::~CActLED()
                0x000083a4                CActLED::On()
                0x000083cc                CActLED::Off()
                0x000083fc                CActLED::Blink(unsigned int, unsigned int, unsigned int)
                0x00008494                CActLED::Get()
 .text          0x000084a4      0x660 ../..//lib/libcircle.a(devicenameservice.o)
                0x000084a4                CDeviceNameService::CDeviceNameService()
                0x000084a4                CDeviceNameService::CDeviceNameService()
                0x000084e8                CDeviceNameService::~CDeviceNameService()
                0x000084e8                CDeviceNameService::~CDeviceNameService()
                0x00008544                CDeviceNameService::AddDevice(char const*, CDevice*, bool)
                0x000085f8                CDeviceNameService::RemoveDevice(char const*, bool)
                0x00008708                CDeviceNameService::GetDevice(char const*, bool)
                0x0000880c                CDeviceNameService::EnumerateDevices(bool (*)(CDevice*, char const*, bool, void*), void*)
                0x00008898                CDeviceNameService::Get()
                0x000088c8                CDeviceNameService::AddDevice(char const*, unsigned int, CDevice*, bool)
                0x00008930                CDeviceNameService::RemoveDevice(char const*, unsigned int, bool)
                0x00008990                CDeviceNameService::GetDevice(char const*, unsigned int, bool)
                0x000089f8                CDeviceNameService::ListDevices(CDevice*)
 .text          0x00008b04      0x8e4 ../..//lib/libcircle.a(koptions.o)
                0x00008b04                CKernelOptions::~CKernelOptions()
                0x00008b04                CKernelOptions::~CKernelOptions()
                0x00008b70                CKernelOptions::GetWidth() const
                0x00008b78                CKernelOptions::GetHeight() const
                0x00008b80                CKernelOptions::GetLogDevice() const
                0x00008b8c                CKernelOptions::GetLogLevel() const
                0x00008b94                CKernelOptions::GetKeyMap() const
                0x00008b9c                CKernelOptions::GetUSBPowerDelay() const
                0x00008ba4                CKernelOptions::GetUSBFullSpeed() const
                0x00008bac                CKernelOptions::GetUSBBoost() const
                0x00008bb4                CKernelOptions::GetUSBIgnore() const
                0x00008bc0                CKernelOptions::GetUSBSoundChannels() const
                0x00008bc8                CKernelOptions::GetSoundDevice() const
                0x00008bd4                CKernelOptions::GetSoundOption() const
                0x00008bdc                CKernelOptions::GetCPUSpeed() const
                0x00008be4                CKernelOptions::GetSoCMaxTemp() const
                0x00008bec                CKernelOptions::GetGPIOFanPin() const
                0x00008bf4                CKernelOptions::GetTouchScreen() const
                0x00008c08                CKernelOptions::GetBacklight() const
                0x00008c10                CKernelOptions::GetAppOptionString(char const*, char const*) const
                0x00008c5c                CKernelOptions::Get()
                0x00008c6c                CKernelOptions::GetToken()
                0x00008cec                CKernelOptions::GetOptionValue(char*)
                0x00008d24                CKernelOptions::GetDecimal(char const*)
                0x00008d8c                CKernelOptions::GetAppOptionDecimal(char const*, unsigned int) const
                0x00008de8                CKernelOptions::GetDecimals(char*, unsigned int*, unsigned int)
                0x00008ebc                CKernelOptions::CKernelOptions()
                0x00008ebc                CKernelOptions::CKernelOptions()
 .text          0x000093e8      0x8f4 ../..//lib/libcircle.a(machineinfo.o)
                0x000093e8                CMachineInfo::CMachineInfo()
                0x000093e8                CMachineInfo::CMachineInfo()
                0x00009874                CMachineInfo::~CMachineInfo()
                0x00009874                CMachineInfo::~CMachineInfo()
                0x00009890                CMachineInfo::GetMachineModel() const
                0x00009898                CMachineInfo::GetMachineName() const
                0x000098ac                CMachineInfo::GetModelMajor() const
                0x000098b4                CMachineInfo::GetModelRevision() const
                0x000098bc                CMachineInfo::GetSoCType() const
                0x000098c4                CMachineInfo::GetSoCStepping() const
                0x000098cc                CMachineInfo::GetRAMSize() const
                0x000098d4                CMachineInfo::GetSoCName() const
                0x000098ec                CMachineInfo::GetRevisionRaw() const
                0x000098f4                CMachineInfo::GetActLEDInfo() const
                0x0000990c                CMachineInfo::GetClockRate(unsigned int) const
                0x00009a48                CMachineInfo::GetGPIOPin(TGPIOVirtualPin) const
                0x00009aac                CMachineInfo::GetGPIOClockSourceRate(unsigned int)
                0x00009b08                CMachineInfo::GetDevice(TDeviceId) const
                0x00009b38                CMachineInfo::ArePWMChannelsSwapped() const
                0x00009b58                CMachineInfo::AllocateDMAChannel(unsigned int)
                0x00009c2c                CMachineInfo::FreeDMAChannel(unsigned int)
                0x00009cb0                CMachineInfo::Get()
 *fill*         0x00009cdc        0x4 
 .text          0x00009ce0     0x188c ../..//lib/libcircle.a(string.o)
                0x00009ce0                CString::~CString()
                0x00009ce0                CString::~CString()
                0x00009d0c                CString::~CString()
                0x00009dac                CString::CString()
                0x00009dac                CString::CString()
                0x00009dc4                CString::CString(char const*)
                0x00009dc4                CString::CString(char const*)
                0x00009e04                CString::CString(CString const&)
                0x00009e04                CString::CString(CString const&)
                0x00009e5c                CString::CString(CString&&)
                0x00009e5c                CString::CString(CString&&)
                0x00009e8c                CString::operator char const*() const
                0x00009ea4                CString::operator=(char const*)
                0x00009ee8                CString::operator=(CString const&)
                0x00009f44                CString::operator=(CString&&)
                0x00009f84                CString::c_str() const
                0x00009f9c                CString::GetLength() const
                0x00009fac                CString::Append(char const*)
                0x0000a030                CString::operator+=(char const*)
                0x0000a044                CString::operator+=(CString const&)
                0x0000a06c                CString::Append(char)
                0x0000a094                CString::operator+=(char)
                0x0000a0c4                CString::Compare(char const*) const
                0x0000a0cc                CString::Find(char) const
                0x0000a100                CString::Replace(char const*, char const*)
                0x0000a29c                CString::PutChar(char, unsigned int)
                0x0000a2dc                CString::PutString(char const*)
                0x0000a320                CString::ReserveSpace(unsigned int)
                0x0000a390                CString::ntoa(char*, unsigned long, unsigned int, bool)
                0x0000a420                CString::lltoa(char*, unsigned long long, unsigned int, bool)
                0x0000a568                CString::ftoa(char*, double, unsigned int)
                0x0000a7b8                CString::FormatV(char const*, std::__va_list)
                0x0000b540                CString::Format(char const*, ...)
 .text          0x0000b56c      0x1a8 ../..//lib/libcircle.a(sysinit.o)
                0x0000b56c                __aeabi_atexit
                0x0000b570                __errno
                0x0000b57c                set_qemu_exit_status
                0x0000b580                halt
                0x0000b594                error_halt
                0x0000b5cc                reboot
                0x0000b5f0                sysinit
 .text          0x0000b714      0xda8 ../..//lib/libcircle.a(timer.o)
                0x0000b714                CTimer::CTimer(CInterruptSystem*)
                0x0000b714                CTimer::CTimer(CInterruptSystem*)
                0x0000b79c                CTimer::~CTimer()
                0x0000b79c                CTimer::~CTimer()
                0x0000b880                CTimer::SetTimeZone(int)
                0x0000b8a4                CTimer::GetTimeZone() const
                0x0000b8ac                CTimer::SetTime(unsigned int, bool)
                0x0000b948                CTimer::GetClockTicks()
                0x0000b954                CTimer::GetClockTicks64()
                0x0000b960                CTimer::GetTicks() const
                0x0000b968                CTimer::GetUptime() const
                0x0000b970                CTimer::GetTime() const
                0x0000b978                CTimer::GetLocalTime(unsigned int*, unsigned int*)
                0x0000ba30                CTimer::GetUniversalTime() const
                0x0000ba50                CTimer::GetUniversalTime(unsigned int*, unsigned int*)
                0x0000bb24                CTimer::GetTimeString()
                0x0000bcfc                CTimer::StartKernelTimer(unsigned int, void (*)(unsigned int, void*, void*), void*, void*)
                0x0000be58                CTimer::CancelKernelTimer(unsigned int)
                0x0000bf00                CTimer::PollKernelTimers()
                0x0000c024                CTimer::InterruptHandler()
                0x0000c134                CTimer::InterruptHandler(void*)
                0x0000c15c                CTimer::TuneMsDelay()
                0x0000c1fc                CTimer::Initialize()
                0x0000c2d4                CTimer::RegisterUpdateTimeHandler(bool (*)(unsigned int, unsigned int))
                0x0000c320                CTimer::RegisterPeriodicHandler(void (*)())
                0x0000c388                CTimer::SimpleMsDelay(unsigned int)
                0x0000c3c4                CTimer::SimpleusDelay(unsigned int)
                0x0000c3f0                CTimer::IsLeapYear(unsigned int)
                0x0000c434                CTimer::GetDaysOfMonth(unsigned int, unsigned int)
                0x0000c48c                CTimer::Get()
 .text          0x0000c4bc      0x89c ../..//lib/libcircle.a(util.o)
                0x0000c4bc                memmove
                0x0000c4f8                memcmp
                0x0000c548                strlen
                0x0000c570                strcmp
                0x0000c5e0                strcasecmp
                0x0000c668                strncmp
                0x0000c6e8                strncasecmp
                0x0000c7c8                strcpy
                0x0000c7f4                strncpy
                0x0000c828                strcat
                0x0000c86c                strncat
                0x0000c8c8                strchr
                0x0000c8f0                strstr
                0x0000c954                strtok_r
                0x0000ca30                strtoul
                0x0000cba4                strtoull
                0x0000cd48                atoi
                0x0000cd54                char2int
 .text          0x0000cd58       0xb8 ../..//lib/libcircle.a(util_fast.o)
                0x0000cd58                memset
                0x0000cdb4                memcpy
 .text          0x0000ce10      0x29c ../..//lib/libcircle.a(virtualgpiopin.o)
                0x0000ce10                CVirtualGPIOPin::~CVirtualGPIOPin()
                0x0000ce10                CVirtualGPIOPin::~CVirtualGPIOPin()
                0x0000ce14                CVirtualGPIOPin::~CVirtualGPIOPin()
                0x0000ce2c                CVirtualGPIOPin::Write(unsigned int)
                0x0000cf50                CVirtualGPIOPin::CVirtualGPIOPin(unsigned int, bool)
                0x0000cf50                CVirtualGPIOPin::CVirtualGPIOPin(unsigned int, bool)
                0x0000d0a0                CVirtualGPIOPin::Invert()
 .text.startup  0x0000d0ac       0x14 ../..//lib/libcircle.a(virtualgpiopin.o)
 .text          0x0000d0c0       0xb4 ../..//lib/libcircle.a(chainboot.o)
                0x0000d108                EnableChainBoot
                0x0000d148                IsChainBootEnabled
                0x0000d160                DoChainBoot
 .text          0x0000d174       0xf0 ../..//lib/libcircle.a(new.o)
                0x0000d174                operator new(unsigned int, int)
                0x0000d19c                operator new[](unsigned int, int)
                0x0000d1c4                operator new(unsigned int, void*)
                0x0000d1cc                operator new[](unsigned int, void*)
                0x0000d1d4                operator new(unsigned int)
                0x0000d1ec                operator new[](unsigned int)
                0x0000d204                operator delete(void*)
                0x0000d21c                operator delete[](void*)
                0x0000d234                operator delete(void*, unsigned int)
                0x0000d24c                operator delete[](void*, unsigned int)
 .text          0x0000d264      0x454 ../..//lib/libcircle.a(heapallocator.o)
                0x0000d264                CHeapAllocator::CHeapAllocator(char const*)
                0x0000d264                CHeapAllocator::CHeapAllocator(char const*)
                0x0000d2c0                CHeapAllocator::~CHeapAllocator()
                0x0000d2c0                CHeapAllocator::~CHeapAllocator()
                0x0000d2c4                CHeapAllocator::Setup(unsigned int, unsigned int, unsigned int)
                0x0000d2d0                CHeapAllocator::GetFreeSpace() const
                0x0000d2dc                CHeapAllocator::Allocate(unsigned int)
                0x0000d4c4                CHeapAllocator::Free(void*)
                0x0000d5d0                CHeapAllocator::ReAllocate(void*, unsigned int)
 .text          0x0000d6b8     0x3004 ../..//lib/libcircle.a(2dgraphics.o)
                0x0000d6b8                C2DImage::C2DImage(C2DGraphics*)
                0x0000d6b8                C2DImage::C2DImage(C2DGraphics*)
                0x0000d6d4                C2DImage::~C2DImage()
                0x0000d6d4                C2DImage::~C2DImage()
                0x0000d6f4                C2DImage::Set(unsigned int, unsigned int, CDisplay::TColor const*)
                0x0000d988                C2DImage::GetWidth() const
                0x0000d990                C2DImage::GetHeight() const
                0x0000d998                C2DImage::GetPixels() const
                0x0000d9bc                C2DGraphics::C2DGraphics(CDisplay*)
                0x0000d9bc                C2DGraphics::C2DGraphics(CDisplay*)
                0x0000d9e4                C2DGraphics::C2DGraphics(unsigned int, unsigned int, bool, unsigned int)
                0x0000d9e4                C2DGraphics::C2DGraphics(unsigned int, unsigned int, bool, unsigned int)
                0x0000da1c                C2DGraphics::~C2DGraphics()
                0x0000da1c                C2DGraphics::~C2DGraphics()
                0x0000da54                C2DGraphics::Initialize()
                0x0000db4c                C2DGraphics::Resize(unsigned int, unsigned int)
                0x0000dbd0                C2DGraphics::GetWidth() const
                0x0000dbd8                C2DGraphics::GetHeight() const
                0x0000dbe0                C2DGraphics::DrawRect(unsigned int, unsigned int, unsigned int, unsigned int, CDisplay::TColor)
                0x0000dd74                C2DGraphics::ClearScreen(CDisplay::TColor)
                0x0000dda0                C2DGraphics::DrawLine(unsigned int, unsigned int, unsigned int, unsigned int, CDisplay::TColor)
                0x0000e1f8                C2DGraphics::DrawRectOutline(unsigned int, unsigned int, unsigned int, unsigned int, CDisplay::TColor)
                0x0000e298                C2DGraphics::DrawCircle(unsigned int, unsigned int, unsigned int, CDisplay::TColor)
                0x0000e444                C2DGraphics::DrawCircleOutline(unsigned int, unsigned int, unsigned int, CDisplay::TColor)
                0x0000fdbc                C2DGraphics::DrawImageRect(unsigned int, unsigned int, unsigned int, unsigned int, unsigned int, unsigned int, void const*)
                0x0000ff88                C2DGraphics::DrawImage(unsigned int, unsigned int, unsigned int, unsigned int, void const*)
                0x0000ffb8                C2DGraphics::DrawImageRectTransparent(unsigned int, unsigned int, unsigned int, unsigned int, unsigned int, unsigned int, unsigned int, unsigned int, void const*, CDisplay::TColor)
                0x000101e0                C2DGraphics::DrawImageTransparent(unsigned int, unsigned int, unsigned int, unsigned int, void const*, CDisplay::TColor)
                0x00010220                C2DGraphics::DrawPixel(unsigned int, unsigned int, CDisplay::TColor)
                0x00010358                C2DGraphics::DrawText(unsigned int, unsigned int, CDisplay::TColor, char const*, C2DGraphics::TTextAlign, TFont const&, CCharGenerator::TFontFlags)
                0x000105a4                C2DGraphics::GetBuffer()
                0x000105ac                C2DGraphics::GetDisplay()
                0x000105b4                C2DGraphics::UpdateDisplay()
 .text          0x000106bc      0x1f4 ../..//lib/libcircle.a(cache-v7.o)
                0x000106bc                InvalidateDataCacheL1Only
                0x00010728                InvalidateDataCache
                0x000107d0                CleanDataCache
                0x00010878                CleanAndInvalidateDataCacheRange
 .text          0x000108b0      0x320 ../..//lib/libcircle.a(memory.o)
                0x000108b0                CMemorySystem::~CMemorySystem()
                0x000108b0                CMemorySystem::~CMemorySystem()
                0x00010918                CMemorySystem::Destructor()
                0x00010964                CMemorySystem::GetMemSize() const
                0x0001099c                CMemorySystem::Get()
                0x000109c8                CMemorySystem::EnableMMU()
                0x00010a80                CMemorySystem::CMemorySystem(bool)
                0x00010a80                CMemorySystem::CMemorySystem(bool)
                0x00010bc4                CMemorySystem::GetCoherentPage(unsigned int)
 .text          0x00010bd0       0x9c ../..//lib/libcircle.a(pagetable.o)
                0x00010bd0                CPageTable::CPageTable(unsigned int)
                0x00010bd0                CPageTable::CPageTable(unsigned int)
                0x00010c5c                CPageTable::~CPageTable()
                0x00010c5c                CPageTable::~CPageTable()
                0x00010c60                CPageTable::GetBaseAddress() const
 .text          0x00010c6c        0x0 ../..//lib/libcircle.a(startup.o)
 .text          0x00010c6c      0x134 ../..//lib/libcircle.a(synchronize.o)
                0x00010c6c                CurrentExecutionLevel
                0x00010c80                EnterCritical
                0x00010d2c                LeaveCritical
                0x00010d80                SyncDataAndInstructionCache
 .text          0x00010da0      0x720 ../..//lib/libcircle.a(interrupt.o)
                0x00010da0                CInterruptSystem::CInterruptSystem()
                0x00010da0                CInterruptSystem::CInterruptSystem()
                0x00010dd4                CInterruptSystem::~CInterruptSystem()
                0x00010dd4                CInterruptSystem::~CInterruptSystem()
                0x00010e1c                CInterruptSystem::Destructor()
                0x00010e64                CInterruptSystem::Initialize()
                0x00010f1c                CInterruptSystem::ConnectFIQ(unsigned int, void (*)(void*), void*)
                0x00010fec                CInterruptSystem::DisconnectFIQ()
                0x00011064                CInterruptSystem::EnableIRQ(unsigned int)
                0x00011100                CInterruptSystem::ConnectIRQ(unsigned int, void (*)(void*), void*)
                0x00011180                CInterruptSystem::DisableIRQ(unsigned int)
                0x0001121c                CInterruptSystem::DisconnectIRQ(unsigned int)
                0x000112a4                CInterruptSystem::EnableFIQ(unsigned int)
                0x000112dc                CInterruptSystem::DisableFIQ()
                0x000112f0                CInterruptSystem::Get()
                0x00011320                CInterruptSystem::CallIRQHandler(unsigned int)
                0x00011374                CInterruptSystem::InterruptHandler()
                0x000114bc                InterruptHandler
 .text          0x000114c0      0xd24 ../..//lib/libcircle.a(gpiopin.o)
                0x000114c0                CGPIOPin::~CGPIOPin()
                0x000114c0                CGPIOPin::~CGPIOPin()
                0x000114c4                CGPIOPin::~CGPIOPin()
                0x000114dc                CGPIOPin::CGPIOPin()
                0x000114dc                CGPIOPin::CGPIOPin()
                0x00011514                CGPIOPin::AssignPin(unsigned int)
                0x00011598                CGPIOPin::Write(unsigned int)
                0x0001161c                CGPIOPin::Read() const
                0x00011688                CGPIOPin::Invert()
                0x00011714                CGPIOPin::ConnectInterrupt(void (*)(void*), void*, bool)
                0x000117e4                CGPIOPin::DisconnectInterrupt()
                0x00011894                CGPIOPin::EnableInterrupt(TGPIOInterrupt)
                0x0001198c                CGPIOPin::DisableInterrupt()
                0x00011a3c                CGPIOPin::EnableInterrupt2(TGPIOInterrupt)
                0x00011b34                CGPIOPin::DisableInterrupt2()
                0x00011be4                CGPIOPin::AcknowledgeInterrupt()
                0x00011c3c                CGPIOPin::SetModeAll(unsigned int, unsigned int)
                0x00011d0c                CGPIOPin::WriteAll(unsigned int, unsigned int)
                0x00011d30                CGPIOPin::ReadAll()
                0x00011d40                CGPIOPin::SetPullMode(TGPIOPullMode)
                0x00011dd4                CGPIOPin::SetAlternateFunction(unsigned int)
                0x00011e90                CGPIOPin::SetMode(TGPIOMode, bool)
                0x00012038                CGPIOPin::CGPIOPin(unsigned int, TGPIOMode, CGPIOManager*)
                0x00012038                CGPIOPin::CGPIOPin(unsigned int, TGPIOMode, CGPIOManager*)
                0x000120dc                CGPIOPin::InterruptHandler()
                0x00012158                CGPIOPin::DisableAllInterrupts(unsigned int)
 .text.startup  0x000121e4       0x14 ../..//lib/libcircle.a(gpiopin.o)
 .text          0x000121f8       0x84 ../..//lib/libcircle.a(assert.o)
                0x000121f8                assertion_failed
 .text          0x0001227c      0x420 ../..//lib/libcircle.a(display.o)
                0x0001227c                CDisplay::GetParent() const
                0x00012284                CDisplay::GetOffsetX() const
                0x00012284                CDisplay::GetOffsetY() const
                0x0001228c                CDisplay::CDisplay(CDisplay::TColorModel)
                0x0001228c                CDisplay::CDisplay(CDisplay::TColorModel)
                0x000122a0                CDisplay::GetColorModel() const
                0x000122a8                CDisplay::GetColor(CDisplay::TColor) const
                0x00012484                CDisplay::GetColor(unsigned int) const
 .text          0x0001269c      0x7b4 ../..//lib/libcircle.a(bcmframebuffer.o)
                0x0001269c                CBcmFrameBuffer::SetPixel(unsigned int, unsigned int, unsigned int)
                0x000126f8                CBcmFrameBuffer::GetWidth() const
                0x00012700                CBcmFrameBuffer::GetHeight() const
                0x00012708                CBcmFrameBuffer::GetDepth() const
                0x00012710                CBcmFrameBuffer::~CBcmFrameBuffer()
                0x00012710                CBcmFrameBuffer::~CBcmFrameBuffer()
                0x00012750                CBcmFrameBuffer::SetArea(CDisplay::TArea const&, void const*, void (*)(void*), void*)
                0x00012840                CBcmFrameBuffer::DMACompletionRoutine(unsigned int, unsigned int, bool, void*)
                0x00012858                CBcmFrameBuffer::~CBcmFrameBuffer()
                0x000128a4                CBcmFrameBuffer::CBcmFrameBuffer(unsigned int, unsigned int, unsigned int, unsigned int, unsigned int, unsigned int, bool)
                0x000128a4                CBcmFrameBuffer::CBcmFrameBuffer(unsigned int, unsigned int, unsigned int, unsigned int, unsigned int, unsigned int, bool)
                0x00012a80                CBcmFrameBuffer::SetPalette(unsigned char, unsigned short)
                0x00012ad8                CBcmFrameBuffer::SetPalette32(unsigned char, unsigned int)
                0x00012b10                CBcmFrameBuffer::GetVirtWidth() const
                0x00012b18                CBcmFrameBuffer::GetVirtHeight() const
                0x00012b20                CBcmFrameBuffer::GetPitch() const
                0x00012b28                CBcmFrameBuffer::GetBuffer() const
                0x00012b30                CBcmFrameBuffer::GetSize() const
                0x00012b38                CBcmFrameBuffer::UpdatePalette()
                0x00012c00                CBcmFrameBuffer::Initialize()
                0x00012d28                CBcmFrameBuffer::SetVirtualOffset(unsigned int, unsigned int)
                0x00012da4                CBcmFrameBuffer::WaitForVerticalSync()
                0x00012df0                CBcmFrameBuffer::SetBacklightBrightness(unsigned int)
                0x00012e44                CBcmFrameBuffer::SetDisplay()
                0x00012e48                CBcmFrameBuffer::GetNumDisplays()
 .text          0x00012e50      0x23c ../..//lib/libcircle.a(bcmpropertytags.o)
                0x00012e50                CBcmPropertyTags::CBcmPropertyTags(bool)
                0x00012e50                CBcmPropertyTags::CBcmPropertyTags(bool)
                0x00012e6c                CBcmPropertyTags::~CBcmPropertyTags()
                0x00012e6c                CBcmPropertyTags::~CBcmPropertyTags()
                0x00012e80                CBcmPropertyTags::GetTags(void*, unsigned int)
                0x00012f98                CBcmPropertyTags::GetTag(unsigned int, void*, unsigned int, unsigned int)
 .text          0x0001308c       0xb4 ../..//lib/libcircle.a(chargenerator.o)
                0x0001308c                CCharGenerator::CCharGenerator(TFont const&, CCharGenerator::TFontFlags)
                0x0001308c                CCharGenerator::CCharGenerator(TFont const&, CCharGenerator::TFontFlags)
                0x000130dc                CCharGenerator::GetPixelLine(char, unsigned int) const
 .text          0x00013140      0x19c ../..//lib/libcircle.a(debug.o)
                0x00013140                debug_hexdump(void const*, unsigned int, char const*)
                0x00013250                debug_stacktrace(unsigned int const*, char const*)
 *fill*         0x000132dc        0x4 
 .text          0x000132e0       0x14 ../..//lib/libcircle.a(delayloop.o)
                0x000132e0                DelayLoop
 .text          0x000132f4     0x1088 ../..//lib/libcircle.a(dmachannel.o)
                0x000132f4                CDMAChannel::CDMAChannel(unsigned int, CInterruptSystem*)
                0x000132f4                CDMAChannel::CDMAChannel(unsigned int, CInterruptSystem*)
                0x000133f8                CDMAChannel::~CDMAChannel()
                0x000133f8                CDMAChannel::~CDMAChannel()
                0x000134fc                CDMAChannel::SetupMemCopy(void*, void const*, unsigned int, unsigned int, bool)
                0x000136dc                CDMAChannel::SetupIORead(void*, unsigned int, unsigned int, TDREQ)
                0x00013868                CDMAChannel::SetupIOWrite(unsigned int, void const*, unsigned int, TDREQ)
                0x000139f4                CDMAChannel::SetupCyclicIOWrite(unsigned int, void const**, unsigned int, unsigned int, TDREQ)
                0x00013c7c                CDMAChannel::SetupMemCopy2D(void*, void const*, unsigned int, unsigned int, unsigned int, unsigned int)
                0x00013e8c                CDMAChannel::SetCompletionRoutine(void (*)(unsigned int, unsigned int, bool, void*), void*)
                0x00013f30                CDMAChannel::Start()
                0x000140b4                CDMAChannel::Wait()
                0x00014140                CDMAChannel::GetStatus()
                0x00014198                CDMAChannel::Cancel()
                0x000141d4                CDMAChannel::InterruptHandler()
                0x00014354                CDMAChannel::InterruptStub(void*)
 .text          0x0001437c      0x93c ../..//lib/libcircle.a(logger.o)
                0x0001437c                CLogger::CLogger(unsigned int, CTimer*, bool)
                0x0001437c                CLogger::CLogger(unsigned int, CTimer*, bool)
                0x000143dc                CLogger::~CLogger()
                0x000143dc                CLogger::~CLogger()
                0x00014454                CLogger::SetNewTarget(CDevice*)
                0x0001445c                CLogger::Get()
                0x000144dc                CLogger::Write(char const*)
                0x000145cc                CLogger::WriteNoAlloc(char const*, TLogSeverity, char const*)
                0x000146ac                CLogger::Read(void*, unsigned int, bool)
                0x00014770                CLogger::WriteEvent(char const*, TLogSeverity, char const*)
                0x000148ec                CLogger::ReadEvent(TLogSeverity*, char*, char*, long*, unsigned int*, int*)
                0x000149e0                CLogger::RegisterEventNotificationHandler(void (*)())
                0x000149e8                CLogger::RegisterPanicHandler(void (*)())
                0x000149f0                CLogger::WriteV(char const*, TLogSeverity, char const*, std::__va_list)
                0x00014b80                CLogger::Write(char const*, TLogSeverity, char const*, ...)
                0x00014bb0                CLogger::Initialize(CDevice*)
 .text          0x00014cb8      0x44c ../..//lib/libcircle.a(ptrlist.o)
                0x00014cb8                CPtrList::CPtrList()
                0x00014cb8                CPtrList::CPtrList()
                0x00014cc4                CPtrList::~CPtrList()
                0x00014cc4                CPtrList::~CPtrList()
                0x00014cec                CPtrList::GetFirst() const
                0x00014cf4                CPtrList::GetNext(TPtrListElement*) const
                0x00014d4c                CPtrList::GetPtr(TPtrListElement*)
                0x00014da4                CPtrList::InsertBefore(TPtrListElement*, void*)
                0x00014e94                CPtrList::InsertAfter(TPtrListElement*, void*)
                0x00014f84                CPtrList::Remove(TPtrListElement*)
                0x000150ac                CPtrList::Find(void*) const
 .text          0x00015104      0x1c8 ../..//lib/libcircle.a(pageallocator.o)
                0x00015104                CPageAllocator::CPageAllocator()
                0x00015104                CPageAllocator::CPageAllocator()
                0x00015120                CPageAllocator::~CPageAllocator()
                0x00015120                CPageAllocator::~CPageAllocator()
                0x00015124                CPageAllocator::Setup(unsigned int, unsigned int)
                0x0001518c                CPageAllocator::GetFreeSpace() const
                0x00015198                CPageAllocator::Allocate()
                0x00015264                CPageAllocator::Free(void*)
 .text          0x000152cc      0x1c8 ../..//lib/libcircle.a(exceptionstub.o)
                0x000152cc                UndefinedInstructionInternal
                0x0001531c                PrefetchAbortStub
                0x0001536c                DataAbortStub
                0x000153bc                UndefinedInstructionStub
                0x000153d8                IRQStub
                0x00015418                FIQStub
 .text          0x00015494      0x34c ../..//lib/libcircle.a(gpiomanager.o)
                0x00015494                CGPIOManager::CGPIOManager(CInterruptSystem*)
                0x00015494                CGPIOManager::CGPIOManager(CInterruptSystem*)
                0x000154b8                CGPIOManager::~CGPIOManager()
                0x000154b8                CGPIOManager::~CGPIOManager()
                0x00015538                CGPIOManager::Initialize()
                0x000155a8                CGPIOManager::ConnectInterrupt(CGPIOPin*)
                0x00015644                CGPIOManager::DisconnectInterrupt(CGPIOPin*)
                0x000156e4                CGPIOManager::InterruptHandler()
                0x000157b8                CGPIOManager::InterruptStub(void*)
 .text          0x000157e0      0x1c8 ../..//lib/libcircle.a(bcmmailbox.o)
                0x000157e0                CBcmMailBox::CBcmMailBox(unsigned int, bool)
                0x000157e0                CBcmMailBox::CBcmMailBox(unsigned int, bool)
                0x000157ec                CBcmMailBox::~CBcmMailBox()
                0x000157ec                CBcmMailBox::~CBcmMailBox()
                0x000157f0                CBcmMailBox::WriteRead(unsigned int)
                0x000158fc                CBcmMailBox::Flush()
                0x00015930                CBcmMailBox::Read()
                0x00015960                CBcmMailBox::Write(unsigned int)
 .text.startup  0x000159a8       0x14 ../..//lib/libcircle.a(bcmmailbox.o)
 .text          0x000159bc      0x364 ../..//lib/libcircle.a(exceptionhandler.o)
                0x000159bc                CExceptionHandler::~CExceptionHandler()
                0x000159bc                CExceptionHandler::~CExceptionHandler()
                0x000159d0                CExceptionHandler::~CExceptionHandler()
                0x000159f8                CExceptionHandler::Throw(unsigned int)
                0x00015a38                CExceptionHandler::Throw(unsigned int, TAbortFrame*)
                0x00015b2c                CExceptionHandler::CExceptionHandler()
                0x00015b2c                CExceptionHandler::CExceptionHandler()
                0x00015c00                CExceptionHandler::Get()
                0x00015c30                ExceptionHandler
                0x00015c88                raise
 .text          0x00015d20       0x30 /usr/lib/gcc/arm-none-eabi/13.2.1/thumb/v8-a+simd/hard/libgcc.a(_aeabi_uldivmod.o)
                0x00015d20                __aeabi_uldivmod
 .text          0x00015d50      0x358 /usr/lib/gcc/arm-none-eabi/13.2.1/thumb/v8-a+simd/hard/libgcc.a(_udivmoddi4.o)
                0x00015d50                __udivmoddi4
 .text          0x000160a8        0x4 /usr/lib/gcc/arm-none-eabi/13.2.1/thumb/v8-a+simd/hard/libgcc.a(_dvmd_tls.o)
                0x000160a8                __aeabi_ldiv0
                0x000160a8                __aeabi_idiv0
                0x000160ac                        _etext = .

.glue_7         0x000160ac        0x0
 .glue_7        0x000160ac        0x0 linker stubs

.glue_7t        0x000160ac        0x0
 .glue_7t       0x000160ac        0x0 linker stubs

.vfp11_veneer   0x000160ac        0x0
 .vfp11_veneer  0x000160ac        0x0 linker stubs

.v4_bx          0x000160ac        0x0
 .v4_bx         0x000160ac        0x0 linker stubs

.iplt           0x000160ac        0x0
 .iplt          0x000160ac        0x0 main.o

.rodata         0x000160b0     0x19f8
 *(.rodata*)
 .rodata        0x000160b0        0x3 kernel.o
 *fill*         0x000160b3        0x1 
 .rodata.str1.4
                0x000160b4      0x968 ../..//lib/libcircle.a(devicenameservice.o)
                                 0x96 (size before relaxing)
 .rodata.str1.4
                0x00016a1c       0xde ../..//lib/libcircle.a(koptions.o)
 .rodata        0x00016a1c        0x2 ../..//lib/libcircle.a(koptions.o)
 *fill*         0x00016a1e        0x2 
 .rodata        0x00016a20      0x586 ../..//lib/libcircle.a(machineinfo.o)
 .rodata.str1.4
                0x00016fa6       0x17 ../..//lib/libcircle.a(string.o)
 *fill*         0x00016fa6        0x2 
 .rodata        0x00016fa8       0x10 ../..//lib/libcircle.a(string.o)
                0x00016fa8                vtable for CString
 .rodata.str1.4
                0x00016fb8        0x3 ../..//lib/libcircle.a(sysinit.o)
 .rodata.str1.4
                0x00016fb8      0x210 ../..//lib/libcircle.a(timer.o)
 .rodata        0x00016fb8       0x36 ../..//lib/libcircle.a(timer.o)
                0x00016fb8                CTimer::s_nDaysOfMonth
 *fill*         0x00016fee        0x2 
 .rodata        0x00016ff0       0x30 ../..//lib/libcircle.a(virtualgpiopin.o)
                0x00017010                vtable for CVirtualGPIOPin
 .rodata.str1.4
                0x00017020       0x7b ../..//lib/libcircle.a(heapallocator.o)
 .rodata        0x00017020       0x49 ../..//lib/libcircle.a(2dgraphics.o)
 *fill*         0x00017069        0x3 
 .rodata        0x0001706c       0x90 ../..//lib/libcircle.a(memory.o)
 .rodata.str1.4
                0x000170fc       0xb5 ../..//lib/libcircle.a(synchronize.o)
 .rodata.str1.4
                0x000170fc      0x111 ../..//lib/libcircle.a(interrupt.o)
 *fill*         0x000170fc        0x4 
 .rodata        0x00017100      0x305 ../..//lib/libcircle.a(gpiopin.o)
                0x00017100                vtable for CGPIOPin
 .rodata.str1.4
                0x00017405       0x1d ../..//lib/libcircle.a(assert.o)
 *fill*         0x00017405        0x3 
 .rodata        0x00017408       0x30 ../..//lib/libcircle.a(display.o)
                0x00017408                vtable for CDisplay
 .rodata        0x00017438       0xa0 ../..//lib/libcircle.a(bcmframebuffer.o)
                0x00017438                vtable for CBcmFrameBuffer
                0x00017468                CBcmFrameBuffer::s_InitTags
 .rodata        0x000174d8       0x98 ../..//lib/libcircle.a(bcmpropertytags.o)
 .rodata.str1.4
                0x00017570       0x93 ../..//lib/libcircle.a(debug.o)
 .rodata        0x00017570        0x6 ../..//lib/libcircle.a(debug.o)
 *fill*         0x00017576        0x2 
 .rodata        0x00017578      0x433 ../..//lib/libcircle.a(dmachannel.o)
 *fill*         0x000179ab        0x1 
 .rodata        0x000179ac       0x94 ../..//lib/libcircle.a(logger.o)
 .rodata.str1.4
                0x00017a40      0x176 ../..//lib/libcircle.a(ptrlist.o)
 .rodata        0x00017a40       0x48 ../..//lib/libcircle.a(pageallocator.o)
 .rodata.str1.4
                0x00017a88       0x9c ../..//lib/libcircle.a(gpiomanager.o)
 .rodata.str1.4
                0x00017a88       0x23 ../..//lib/libcircle.a(bcmmailbox.o)
 .rodata.str1.4
                0x00017a88       0xe4 ../..//lib/libcircle.a(exceptionhandler.o)
 .rodata        0x00017a88       0x20 ../..//lib/libcircle.a(exceptionhandler.o)
                0x00017a90                vtable for CExceptionHandler

.ARM.extab      0x00017aa8        0x0
 .ARM.extab     0x00017aa8        0x0 /usr/lib/gcc/arm-none-eabi/13.2.1/thumb/v8-a+simd/hard/libgcc.a(_udivmoddi4.o)

.init_array     0x00017aa8        0xc
                0x00017aa8                        __init_start = .
 *(.init_array*)
 .init_array    0x00017aa8        0x4 ../..//lib/libcircle.a(virtualgpiopin.o)
 .init_array    0x00017aac        0x4 ../..//lib/libcircle.a(gpiopin.o)
 .init_array    0x00017ab0        0x4 ../..//lib/libcircle.a(bcmmailbox.o)
                0x00017ab4                        __init_end = .

.ARM.exidx      0x00017ab4        0x8
                0x00017ab4                        __exidx_start = .
 *(.ARM.exidx*)
 .ARM.exidx     0x00017ab4        0x8 /usr/lib/gcc/arm-none-eabi/13.2.1/thumb/v8-a+simd/hard/libgcc.a(_udivmoddi4.o)
                0x00017abc                        __exidx_end = .

.rel.dyn        0x00017abc        0x0
 .rel.iplt      0x00017abc        0x0 main.o

.eh_frame
 *(.eh_frame*)

.data           0x00017ac0       0x74
 *(.data*)
 .data          0x00017ac0        0x0 main.o
 .data          0x00017ac0        0x0 kernel.o
 .data          0x00017ac0        0x0 ../..//lib/libcircle.a(actled.o)
 .data          0x00017ac0        0x0 ../..//lib/libcircle.a(devicenameservice.o)
 .data          0x00017ac0        0x0 ../..//lib/libcircle.a(koptions.o)
 .data          0x00017ac0        0x0 ../..//lib/libcircle.a(machineinfo.o)
 .data          0x00017ac0        0x0 ../..//lib/libcircle.a(string.o)
 .data          0x00017ac0        0x0 ../..//lib/libcircle.a(sysinit.o)
 .data          0x00017ac0       0x30 ../..//lib/libcircle.a(timer.o)
                0x00017ac0                CTimer::s_pMonthName
 .data          0x00017af0        0x0 ../..//lib/libcircle.a(util.o)
 .data          0x00017af0        0x0 ../..//lib/libcircle.a(util_fast.o)
 .data          0x00017af0        0x0 ../..//lib/libcircle.a(virtualgpiopin.o)
 .data          0x00017af0        0x0 ../..//lib/libcircle.a(chainboot.o)
 .data          0x00017af0        0x0 ../..//lib/libcircle.a(new.o)
 .data          0x00017af0       0x1c ../..//lib/libcircle.a(heapallocator.o)
                0x00017af0                CHeapAllocator::s_nBucketSize
 .data          0x00017b0c        0x0 ../..//lib/libcircle.a(2dgraphics.o)
 .data          0x00017b0c        0x0 ../..//lib/libcircle.a(cache-v7.o)
 .data          0x00017b0c        0x0 ../..//lib/libcircle.a(memory.o)
 .data          0x00017b0c        0x0 ../..//lib/libcircle.a(pagetable.o)
 .data          0x00017b0c        0x0 ../..//lib/libcircle.a(startup.o)
 .data          0x00017b0c        0x0 ../..//lib/libcircle.a(synchronize.o)
 .data          0x00017b0c        0x0 ../..//lib/libcircle.a(interrupt.o)
 .data          0x00017b0c        0x0 ../..//lib/libcircle.a(gpiopin.o)
 .data          0x00017b0c        0x0 ../..//lib/libcircle.a(assert.o)
 .data          0x00017b0c        0x0 ../..//lib/libcircle.a(display.o)
 .data          0x00017b0c        0x0 ../..//lib/libcircle.a(bcmframebuffer.o)
 .data          0x00017b0c        0x0 ../..//lib/libcircle.a(bcmpropertytags.o)
 .data          0x00017b0c        0x0 ../..//lib/libcircle.a(chargenerator.o)
 .data          0x00017b0c        0x0 ../..//lib/libcircle.a(debug.o)
 .data          0x00017b0c        0x0 ../..//lib/libcircle.a(delayloop.o)
 .data          0x00017b0c        0x0 ../..//lib/libcircle.a(dmachannel.o)
 .data          0x00017b0c        0x0 ../..//lib/libcircle.a(logger.o)
 .data          0x00017b0c        0x0 ../..//lib/libcircle.a(ptrlist.o)
 .data          0x00017b0c        0x0 ../..//lib/libcircle.a(pageallocator.o)
 .data          0x00017b0c       0x10 ../..//lib/libcircle.a(exceptionstub.o)
                0x00017b0c                FIQData
                0x00017b18                IRQReturnAddress
 .data          0x00017b1c        0x0 ../..//lib/libcircle.a(gpiomanager.o)
 .data          0x00017b1c        0x0 ../..//lib/libcircle.a(bcmmailbox.o)
 *fill*         0x00017b1c        0x4 
 .data          0x00017b20       0x14 ../..//lib/libcircle.a(exceptionhandler.o)
                0x00017b20                CExceptionHandler::s_pExceptionName
 .data          0x00017b34        0x0 /usr/lib/gcc/arm-none-eabi/13.2.1/thumb/v8-a+simd/hard/libgcc.a(_aeabi_uldivmod.o)
 .data          0x00017b34        0x0 /usr/lib/gcc/arm-none-eabi/13.2.1/thumb/v8-a+simd/hard/libgcc.a(_udivmoddi4.o)
 .data          0x00017b34        0x0 /usr/lib/gcc/arm-none-eabi/13.2.1/thumb/v8-a+simd/hard/libgcc.a(_dvmd_tls.o)

.igot.plt       0x00017b34        0x0
 .igot.plt      0x00017b34        0x0 main.o

.bss            0x00017b38       0xac
                0x00017b38                        __bss_start = .
 *(.bss*)
 .bss           0x00017b38        0x0 main.o
 .bss           0x00017b38        0x1 kernel.o
                0x00017b38                serial
 *fill*         0x00017b39        0x3 
 .bss           0x00017b3c        0x4 ../..//lib/libcircle.a(actled.o)
                0x00017b3c                CActLED::s_pThis
 .bss           0x00017b40        0x4 ../..//lib/libcircle.a(devicenameservice.o)
                0x00017b40                CDeviceNameService::s_This
 .bss           0x00017b44        0x4 ../..//lib/libcircle.a(koptions.o)
                0x00017b44                CKernelOptions::s_pThis
 .bss           0x00017b48        0x4 ../..//lib/libcircle.a(machineinfo.o)
                0x00017b48                CMachineInfo::s_pThis
 .bss           0x00017b4c        0x0 ../..//lib/libcircle.a(string.o)
 .bss           0x00017b4c       0x14 ../..//lib/libcircle.a(sysinit.o)
                0x00017b50                circle_version_string
                0x00017b5c                __dso_handle
 .bss           0x00017b60        0x4 ../..//lib/libcircle.a(timer.o)
                0x00017b60                CTimer::s_pThis
 .bss           0x00017b64        0x0 ../..//lib/libcircle.a(util.o)
 .bss           0x00017b64        0x0 ../..//lib/libcircle.a(util_fast.o)
 .bss           0x00017b64        0x8 ../..//lib/libcircle.a(virtualgpiopin.o)
                0x00017b64                CVirtualGPIOPin::s_nGPIOBaseAddress
                0x00017b68                CVirtualGPIOPin::s_SpinLock
 .bss           0x00017b6c        0x8 ../..//lib/libcircle.a(chainboot.o)
 .bss           0x00017b74        0x0 ../..//lib/libcircle.a(new.o)
 .bss           0x00017b74        0x0 ../..//lib/libcircle.a(heapallocator.o)
 .bss           0x00017b74        0x0 ../..//lib/libcircle.a(2dgraphics.o)
 .bss           0x00017b74        0x0 ../..//lib/libcircle.a(cache-v7.o)
 .bss           0x00017b74        0x4 ../..//lib/libcircle.a(memory.o)
                0x00017b74                CMemorySystem::s_pThis
 .bss           0x00017b78        0x0 ../..//lib/libcircle.a(pagetable.o)
 .bss           0x00017b78        0x0 ../..//lib/libcircle.a(startup.o)
 .bss           0x00017b78       0x58 ../..//lib/libcircle.a(synchronize.o)
 .bss           0x00017bd0        0x4 ../..//lib/libcircle.a(interrupt.o)
                0x00017bd0                CInterruptSystem::s_pThis
 .bss           0x00017bd4        0x4 ../..//lib/libcircle.a(gpiopin.o)
                0x00017bd4                CGPIOPin::s_SpinLock
 .bss           0x00017bd8        0x0 ../..//lib/libcircle.a(assert.o)
 .bss           0x00017bd8        0x0 ../..//lib/libcircle.a(display.o)
 .bss           0x00017bd8        0x0 ../..//lib/libcircle.a(bcmframebuffer.o)
 .bss           0x00017bd8        0x0 ../..//lib/libcircle.a(bcmpropertytags.o)
 .bss           0x00017bd8        0x0 ../..//lib/libcircle.a(chargenerator.o)
 .bss           0x00017bd8        0x0 ../..//lib/libcircle.a(debug.o)
 .bss           0x00017bd8        0x0 ../..//lib/libcircle.a(delayloop.o)
 .bss           0x00017bd8        0x0 ../..//lib/libcircle.a(dmachannel.o)
 .bss           0x00017bd8        0x4 ../..//lib/libcircle.a(logger.o)
                0x00017bd8                CLogger::s_pThis
 .bss           0x00017bdc        0x0 ../..//lib/libcircle.a(ptrlist.o)
 .bss           0x00017bdc        0x0 ../..//lib/libcircle.a(pageallocator.o)
 .bss           0x00017bdc        0x0 ../..//lib/libcircle.a(exceptionstub.o)
 .bss           0x00017bdc        0x0 ../..//lib/libcircle.a(gpiomanager.o)
 .bss           0x00017bdc        0x4 ../..//lib/libcircle.a(bcmmailbox.o)
                0x00017bdc                CBcmMailBox::s_SpinLock
 .bss           0x00017be0        0x4 ../..//lib/libcircle.a(exceptionhandler.o)
                0x00017be0                CExceptionHandler::s_pThis
 .bss           0x00017be4        0x0 /usr/lib/gcc/arm-none-eabi/13.2.1/thumb/v8-a+simd/hard/libgcc.a(_aeabi_uldivmod.o)
 .bss           0x00017be4        0x0 /usr/lib/gcc/arm-none-eabi/13.2.1/thumb/v8-a+simd/hard/libgcc.a(_udivmoddi4.o)
 .bss           0x00017be4        0x0 /usr/lib/gcc/arm-none-eabi/13.2.1/thumb/v8-a+simd/hard/libgcc.a(_dvmd_tls.o)
 *(COMMON)
                0x00017be4                        _end = .
LOAD main.o
LOAD kernel.o
START GROUP
LOAD ../..//lib/libcircle.a
LOAD /usr/lib/gcc/arm-none-eabi/13.2.1/thumb/v8-a+simd/hard/libgcc.a
LOAD /usr/lib/gcc/arm-none-eabi/13.2.1/../../../arm-none-eabi/lib/thumb/v8-a+simd/hard/libm.a
END GROUP
OUTPUT(kernel8-32.elf elf32-littlearm)
LOAD linker stubs

.debug_info     0x00000000    0x2c115
 .debug_info    0x00000000     0x29c9 main.o
 .debug_info    0x000029c9     0x2eba kernel.o
 .debug_info    0x00005883     0x143e ../..//lib/libcircle.a(actled.o)
 .debug_info    0x00006cc1     0x1059 ../..//lib/libcircle.a(devicenameservice.o)
 .debug_info    0x00007d1a     0x1878 ../..//lib/libcircle.a(koptions.o)
 .debug_info    0x00009592      0xfe2 ../..//lib/libcircle.a(machineinfo.o)
 .debug_info    0x0000a574     0x2ede ../..//lib/libcircle.a(string.o)
 .debug_info    0x0000d452     0x1a54 ../..//lib/libcircle.a(sysinit.o)
 .debug_info    0x0000eea6     0x2776 ../..//lib/libcircle.a(timer.o)
 .debug_info    0x0001161c      0x933 ../..//lib/libcircle.a(util.o)
 .debug_info    0x00011f4f     0x107f ../..//lib/libcircle.a(virtualgpiopin.o)
 .debug_info    0x00012fce      0x239 ../..//lib/libcircle.a(chainboot.o)
 .debug_info    0x00013207      0xaad ../..//lib/libcircle.a(new.o)
 .debug_info    0x00013cb4     0x15bf ../..//lib/libcircle.a(heapallocator.o)
 .debug_info    0x00015273     0x31e7 ../..//lib/libcircle.a(2dgraphics.o)
 .debug_info    0x0001845a      0xf46 ../..//lib/libcircle.a(memory.o)
 .debug_info    0x000193a0      0x2be ../..//lib/libcircle.a(pagetable.o)
 .debug_info    0x0001965e      0x222 ../..//lib/libcircle.a(synchronize.o)
 .debug_info    0x00019880     0x1312 ../..//lib/libcircle.a(interrupt.o)
 .debug_info    0x0001ab92     0x2d55 ../..//lib/libcircle.a(gpiopin.o)
 .debug_info    0x0001d8e7      0xebf ../..//lib/libcircle.a(assert.o)
 .debug_info    0x0001e7a6      0x5a4 ../..//lib/libcircle.a(display.o)
 .debug_info    0x0001ed4a     0x247e ../..//lib/libcircle.a(bcmframebuffer.o)
 .debug_info    0x000211c8      0xce9 ../..//lib/libcircle.a(bcmpropertytags.o)
 .debug_info    0x00021eb1      0x38e ../..//lib/libcircle.a(chargenerator.o)
 .debug_info    0x0002223f      0xeaf ../..//lib/libcircle.a(debug.o)
 .debug_info    0x000230ee     0x26cc ../..//lib/libcircle.a(dmachannel.o)
 .debug_info    0x000257ba     0x2417 ../..//lib/libcircle.a(logger.o)
 .debug_info    0x00027bd1      0x7d0 ../..//lib/libcircle.a(ptrlist.o)
 .debug_info    0x000283a1      0x5d7 ../..//lib/libcircle.a(pageallocator.o)
 .debug_info    0x00028978      0xa47 ../..//lib/libcircle.a(gpiomanager.o)
 .debug_info    0x000293bf     0x10ee ../..//lib/libcircle.a(bcmmailbox.o)
 .debug_info    0x0002a4ad     0x1513 ../..//lib/libcircle.a(exceptionhandler.o)
 .debug_info    0x0002b9c0       0x24 /usr/lib/gcc/arm-none-eabi/13.2.1/thumb/v8-a+simd/hard/libgcc.a(_aeabi_uldivmod.o)
 .debug_info    0x0002b9e4      0x6f5 /usr/lib/gcc/arm-none-eabi/13.2.1/thumb/v8-a+simd/hard/libgcc.a(_udivmoddi4.o)
 .debug_info    0x0002c0d9       0x3c /usr/lib/gcc/arm-none-eabi/13.2.1/thumb/v8-a+simd/hard/libgcc.a(_dvmd_tls.o)

.debug_abbrev   0x00000000     0x85f4
 .debug_abbrev  0x00000000      0x404 main.o
 .debug_abbrev  0x00000404      0x458 kernel.o
 .debug_abbrev  0x0000085c      0x465 ../..//lib/libcircle.a(actled.o)
 .debug_abbrev  0x00000cc1      0x3ed ../..//lib/libcircle.a(devicenameservice.o)
 .debug_abbrev  0x000010ae      0x48d ../..//lib/libcircle.a(koptions.o)
 .debug_abbrev  0x0000153b      0x436 ../..//lib/libcircle.a(machineinfo.o)
 .debug_abbrev  0x00001971      0x4cb ../..//lib/libcircle.a(string.o)
 .debug_abbrev  0x00001e3c      0x524 ../..//lib/libcircle.a(sysinit.o)
 .debug_abbrev  0x00002360      0x692 ../..//lib/libcircle.a(timer.o)
 .debug_abbrev  0x000029f2      0x249 ../..//lib/libcircle.a(util.o)
 .debug_abbrev  0x00002c3b      0x4db ../..//lib/libcircle.a(virtualgpiopin.o)
 .debug_abbrev  0x00003116      0x145 ../..//lib/libcircle.a(chainboot.o)
 .debug_abbrev  0x0000325b      0x2a4 ../..//lib/libcircle.a(new.o)
 .debug_abbrev  0x000034ff      0x4b7 ../..//lib/libcircle.a(heapallocator.o)
 .debug_abbrev  0x000039b6      0x6a1 ../..//lib/libcircle.a(2dgraphics.o)
 .debug_abbrev  0x00004057      0x431 ../..//lib/libcircle.a(memory.o)
 .debug_abbrev  0x00004488      0x1e1 ../..//lib/libcircle.a(pagetable.o)
 .debug_abbrev  0x00004669      0x126 ../..//lib/libcircle.a(synchronize.o)
 .debug_abbrev  0x0000478f      0x4fb ../..//lib/libcircle.a(interrupt.o)
 .debug_abbrev  0x00004c8a      0x633 ../..//lib/libcircle.a(gpiopin.o)
 .debug_abbrev  0x000052bd      0x2e6 ../..//lib/libcircle.a(assert.o)
 .debug_abbrev  0x000055a3      0x29a ../..//lib/libcircle.a(display.o)
 .debug_abbrev  0x0000583d      0x77e ../..//lib/libcircle.a(bcmframebuffer.o)
 .debug_abbrev  0x00005fbb      0x338 ../..//lib/libcircle.a(bcmpropertytags.o)
 .debug_abbrev  0x000062f3      0x1b6 ../..//lib/libcircle.a(chargenerator.o)
 .debug_abbrev  0x000064a9      0x2de ../..//lib/libcircle.a(debug.o)
 .debug_abbrev  0x00006787      0x539 ../..//lib/libcircle.a(dmachannel.o)
 .debug_abbrev  0x00006cc0      0x60d ../..//lib/libcircle.a(logger.o)
 .debug_abbrev  0x000072cd      0x20a ../..//lib/libcircle.a(ptrlist.o)
 .debug_abbrev  0x000074d7      0x290 ../..//lib/libcircle.a(pageallocator.o)
 .debug_abbrev  0x00007767      0x38c ../..//lib/libcircle.a(gpiomanager.o)
 .debug_abbrev  0x00007af3      0x450 ../..//lib/libcircle.a(bcmmailbox.o)
 .debug_abbrev  0x00007f43      0x50d ../..//lib/libcircle.a(exceptionhandler.o)
 .debug_abbrev  0x00008450       0x14 /usr/lib/gcc/arm-none-eabi/13.2.1/thumb/v8-a+simd/hard/libgcc.a(_aeabi_uldivmod.o)
 .debug_abbrev  0x00008464      0x16a /usr/lib/gcc/arm-none-eabi/13.2.1/thumb/v8-a+simd/hard/libgcc.a(_udivmoddi4.o)
 .debug_abbrev  0x000085ce       0x26 /usr/lib/gcc/arm-none-eabi/13.2.1/thumb/v8-a+simd/hard/libgcc.a(_dvmd_tls.o)

.debug_loclists
                0x00000000     0xfaed
 .debug_loclists
                0x00000000       0x20 main.o
 .debug_loclists
                0x00000020       0x63 kernel.o
 .debug_loclists
                0x00000083      0x189 ../..//lib/libcircle.a(actled.o)
 .debug_loclists
                0x0000020c      0x6f4 ../..//lib/libcircle.a(devicenameservice.o)
 .debug_loclists
                0x00000900      0x5fb ../..//lib/libcircle.a(koptions.o)
 .debug_loclists
                0x00000efb      0x4e4 ../..//lib/libcircle.a(machineinfo.o)
 .debug_loclists
                0x000013df     0x258f ../..//lib/libcircle.a(string.o)
 .debug_loclists
                0x0000396e       0xb3 ../..//lib/libcircle.a(sysinit.o)
 .debug_loclists
                0x00003a21      0xea6 ../..//lib/libcircle.a(timer.o)
 .debug_loclists
                0x000048c7     0x10e6 ../..//lib/libcircle.a(util.o)
 .debug_loclists
                0x000059ad      0x28f ../..//lib/libcircle.a(virtualgpiopin.o)
 .debug_loclists
                0x00005c3c      0x112 ../..//lib/libcircle.a(chainboot.o)
 .debug_loclists
                0x00005d4e      0x1fb ../..//lib/libcircle.a(new.o)
 .debug_loclists
                0x00005f49      0x439 ../..//lib/libcircle.a(heapallocator.o)
 .debug_loclists
                0x00006382     0x2e0c ../..//lib/libcircle.a(2dgraphics.o)
 .debug_loclists
                0x0000918e      0x244 ../..//lib/libcircle.a(memory.o)
 .debug_loclists
                0x000093d2       0x7c ../..//lib/libcircle.a(pagetable.o)
 .debug_loclists
                0x0000944e       0xb4 ../..//lib/libcircle.a(synchronize.o)
 .debug_loclists
                0x00009502      0xa2f ../..//lib/libcircle.a(interrupt.o)
 .debug_loclists
                0x00009f31     0x1673 ../..//lib/libcircle.a(gpiopin.o)
 .debug_loclists
                0x0000b5a4       0x55 ../..//lib/libcircle.a(assert.o)
 .debug_loclists
                0x0000b5f9      0x53d ../..//lib/libcircle.a(display.o)
 .debug_loclists
                0x0000bb36      0x7bd ../..//lib/libcircle.a(bcmframebuffer.o)
 .debug_loclists
                0x0000c2f3      0x2d0 ../..//lib/libcircle.a(bcmpropertytags.o)
 .debug_loclists
                0x0000c5c3       0xc9 ../..//lib/libcircle.a(chargenerator.o)
 .debug_loclists
                0x0000c68c      0x102 ../..//lib/libcircle.a(debug.o)
 .debug_loclists
                0x0000c78e     0x130d ../..//lib/libcircle.a(dmachannel.o)
 .debug_loclists
                0x0000da9b      0x7c2 ../..//lib/libcircle.a(logger.o)
 .debug_loclists
                0x0000e25d      0x35c ../..//lib/libcircle.a(ptrlist.o)
 .debug_loclists
                0x0000e5b9      0x1c7 ../..//lib/libcircle.a(pageallocator.o)
 .debug_loclists
                0x0000e780      0x41f ../..//lib/libcircle.a(gpiomanager.o)
 .debug_loclists
                0x0000eb9f      0x2d9 ../..//lib/libcircle.a(bcmmailbox.o)
 .debug_loclists
                0x0000ee78      0x248 ../..//lib/libcircle.a(exceptionhandler.o)
 .debug_loclists
                0x0000f0c0      0xa2d /usr/lib/gcc/arm-none-eabi/13.2.1/thumb/v8-a+simd/hard/libgcc.a(_udivmoddi4.o)

.debug_aranges  0x00000000      0x498
 .debug_aranges
                0x00000000       0x20 main.o
 .debug_aranges
                0x00000020       0x20 kernel.o
 .debug_aranges
                0x00000040       0x20 ../..//lib/libcircle.a(actled.o)
 .debug_aranges
                0x00000060       0x20 ../..//lib/libcircle.a(devicenameservice.o)
 .debug_aranges
                0x00000080       0x20 ../..//lib/libcircle.a(koptions.o)
 .debug_aranges
                0x000000a0       0x20 ../..//lib/libcircle.a(machineinfo.o)
 .debug_aranges
                0x000000c0       0x20 ../..//lib/libcircle.a(string.o)
 .debug_aranges
                0x000000e0       0x20 ../..//lib/libcircle.a(sysinit.o)
 .debug_aranges
                0x00000100       0x20 ../..//lib/libcircle.a(timer.o)
 .debug_aranges
                0x00000120       0x20 ../..//lib/libcircle.a(util.o)
 .debug_aranges
                0x00000140       0x28 ../..//lib/libcircle.a(virtualgpiopin.o)
 .debug_aranges
                0x00000168       0x20 ../..//lib/libcircle.a(chainboot.o)
 .debug_aranges
                0x00000188       0x20 ../..//lib/libcircle.a(new.o)
 .debug_aranges
                0x000001a8       0x20 ../..//lib/libcircle.a(heapallocator.o)
 .debug_aranges
                0x000001c8       0x20 ../..//lib/libcircle.a(2dgraphics.o)
 .debug_aranges
                0x000001e8       0x20 ../..//lib/libcircle.a(memory.o)
 .debug_aranges
                0x00000208       0x20 ../..//lib/libcircle.a(pagetable.o)
 .debug_aranges
                0x00000228       0x20 ../..//lib/libcircle.a(synchronize.o)
 .debug_aranges
                0x00000248       0x20 ../..//lib/libcircle.a(interrupt.o)
 .debug_aranges
                0x00000268       0x28 ../..//lib/libcircle.a(gpiopin.o)
 .debug_aranges
                0x00000290       0x20 ../..//lib/libcircle.a(assert.o)
 .debug_aranges
                0x000002b0       0x20 ../..//lib/libcircle.a(display.o)
 .debug_aranges
                0x000002d0       0x20 ../..//lib/libcircle.a(bcmframebuffer.o)
 .debug_aranges
                0x000002f0       0x20 ../..//lib/libcircle.a(bcmpropertytags.o)
 .debug_aranges
                0x00000310       0x20 ../..//lib/libcircle.a(chargenerator.o)
 .debug_aranges
                0x00000330       0x20 ../..//lib/libcircle.a(debug.o)
 .debug_aranges
                0x00000350       0x20 ../..//lib/libcircle.a(dmachannel.o)
 .debug_aranges
                0x00000370       0x20 ../..//lib/libcircle.a(logger.o)
 .debug_aranges
                0x00000390       0x20 ../..//lib/libcircle.a(ptrlist.o)
 .debug_aranges
                0x000003b0       0x20 ../..//lib/libcircle.a(pageallocator.o)
 .debug_aranges
                0x000003d0       0x20 ../..//lib/libcircle.a(gpiomanager.o)
 .debug_aranges
                0x000003f0       0x28 ../..//lib/libcircle.a(bcmmailbox.o)
 .debug_aranges
                0x00000418       0x20 ../..//lib/libcircle.a(exceptionhandler.o)
 .debug_aranges
                0x00000438       0x20 /usr/lib/gcc/arm-none-eabi/13.2.1/thumb/v8-a+simd/hard/libgcc.a(_aeabi_uldivmod.o)
 .debug_aranges
                0x00000458       0x20 /usr/lib/gcc/arm-none-eabi/13.2.1/thumb/v8-a+simd/hard/libgcc.a(_udivmoddi4.o)
 .debug_aranges
                0x00000478       0x20 /usr/lib/gcc/arm-none-eabi/13.2.1/thumb/v8-a+simd/hard/libgcc.a(_dvmd_tls.o)

.debug_rnglists
                0x00000000     0x1757
 .debug_rnglists
                0x00000000       0x13 main.o
 .debug_rnglists
                0x00000013       0x4a ../..//lib/libcircle.a(actled.o)
 .debug_rnglists
                0x0000005d       0xa2 ../..//lib/libcircle.a(devicenameservice.o)
 .debug_rnglists
                0x000000ff      0x141 ../..//lib/libcircle.a(koptions.o)
 .debug_rnglists
                0x00000240       0x17 ../..//lib/libcircle.a(machineinfo.o)
 .debug_rnglists
                0x00000257      0x1c8 ../..//lib/libcircle.a(string.o)
 .debug_rnglists
                0x0000041f       0x1b ../..//lib/libcircle.a(sysinit.o)
 .debug_rnglists
                0x0000043a      0x204 ../..//lib/libcircle.a(timer.o)
 .debug_rnglists
                0x0000063e       0xc1 ../..//lib/libcircle.a(util.o)
 .debug_rnglists
                0x000006ff       0x91 ../..//lib/libcircle.a(virtualgpiopin.o)
 .debug_rnglists
                0x00000790       0x30 ../..//lib/libcircle.a(new.o)
 .debug_rnglists
                0x000007c0       0x8e ../..//lib/libcircle.a(heapallocator.o)
 .debug_rnglists
                0x0000084e      0x74f ../..//lib/libcircle.a(2dgraphics.o)
 .debug_rnglists
                0x00000f9d       0x2b ../..//lib/libcircle.a(memory.o)
 .debug_rnglists
                0x00000fc8       0x27 ../..//lib/libcircle.a(pagetable.o)
 .debug_rnglists
                0x00000fef       0xfc ../..//lib/libcircle.a(interrupt.o)
 .debug_rnglists
                0x000010eb      0x1d7 ../..//lib/libcircle.a(gpiopin.o)
 .debug_rnglists
                0x000012c2       0x38 ../..//lib/libcircle.a(bcmframebuffer.o)
 .debug_rnglists
                0x000012fa       0x27 ../..//lib/libcircle.a(debug.o)
 .debug_rnglists
                0x00001321      0x11b ../..//lib/libcircle.a(dmachannel.o)
 .debug_rnglists
                0x0000143c       0xbc ../..//lib/libcircle.a(logger.o)
 .debug_rnglists
                0x000014f8       0x1e ../..//lib/libcircle.a(ptrlist.o)
 .debug_rnglists
                0x00001516       0x5e ../..//lib/libcircle.a(pageallocator.o)
 .debug_rnglists
                0x00001574       0x3f ../..//lib/libcircle.a(gpiomanager.o)
 .debug_rnglists
                0x000015b3       0xc3 ../..//lib/libcircle.a(bcmmailbox.o)
 .debug_rnglists
                0x00001676       0x53 ../..//lib/libcircle.a(exceptionhandler.o)
 .debug_rnglists
                0x000016c9       0x8e /usr/lib/gcc/arm-none-eabi/13.2.1/thumb/v8-a+simd/hard/libgcc.a(_udivmoddi4.o)

.debug_line     0x00000000     0xe822
 .debug_line    0x00000000      0x21e main.o
 .debug_line    0x0000021e      0x31b kernel.o
 .debug_line    0x00000539      0x327 ../..//lib/libcircle.a(actled.o)
 .debug_line    0x00000860      0x70a ../..//lib/libcircle.a(devicenameservice.o)
 .debug_line    0x00000f6a      0x821 ../..//lib/libcircle.a(koptions.o)
 .debug_line    0x0000178b      0x543 ../..//lib/libcircle.a(machineinfo.o)
 .debug_line    0x00001cce     0x1a43 ../..//lib/libcircle.a(string.o)
 .debug_line    0x00003711      0x312 ../..//lib/libcircle.a(sysinit.o)
 .debug_line    0x00003a23      0xfcf ../..//lib/libcircle.a(timer.o)
 .debug_line    0x000049f2      0x98b ../..//lib/libcircle.a(util.o)
 .debug_line    0x0000537d      0x3c8 ../..//lib/libcircle.a(virtualgpiopin.o)
 .debug_line    0x00005745       0xe4 ../..//lib/libcircle.a(chainboot.o)
 .debug_line    0x00005829      0x193 ../..//lib/libcircle.a(new.o)
 .debug_line    0x000059bc      0x4fb ../..//lib/libcircle.a(heapallocator.o)
 .debug_line    0x00005eb7     0x2535 ../..//lib/libcircle.a(2dgraphics.o)
 .debug_line    0x000083ec      0x36c ../..//lib/libcircle.a(memory.o)
 .debug_line    0x00008758      0x13f ../..//lib/libcircle.a(pagetable.o)
 .debug_line    0x00008897      0x154 ../..//lib/libcircle.a(synchronize.o)
 .debug_line    0x000089eb      0x949 ../..//lib/libcircle.a(interrupt.o)
 .debug_line    0x00009334     0x11ad ../..//lib/libcircle.a(gpiopin.o)
 .debug_line    0x0000a4e1      0x13b ../..//lib/libcircle.a(assert.o)
 .debug_line    0x0000a61c      0x1eb ../..//lib/libcircle.a(display.o)
 .debug_line    0x0000a807      0x718 ../..//lib/libcircle.a(bcmframebuffer.o)
 .debug_line    0x0000af1f      0x2a2 ../..//lib/libcircle.a(bcmpropertytags.o)
 .debug_line    0x0000b1c1      0x112 ../..//lib/libcircle.a(chargenerator.o)
 .debug_line    0x0000b2d3      0x1bd ../..//lib/libcircle.a(debug.o)
 .debug_line    0x0000b490     0x10e6 ../..//lib/libcircle.a(dmachannel.o)
 .debug_line    0x0000c576      0xa12 ../..//lib/libcircle.a(logger.o)
 .debug_line    0x0000cf88      0x3e9 ../..//lib/libcircle.a(ptrlist.o)
 .debug_line    0x0000d371      0x294 ../..//lib/libcircle.a(pageallocator.o)
 .debug_line    0x0000d605      0x3e2 ../..//lib/libcircle.a(gpiomanager.o)
 .debug_line    0x0000d9e7      0x417 ../..//lib/libcircle.a(bcmmailbox.o)
 .debug_line    0x0000ddfe      0x396 ../..//lib/libcircle.a(exceptionhandler.o)
 .debug_line    0x0000e194       0x4e /usr/lib/gcc/arm-none-eabi/13.2.1/thumb/v8-a+simd/hard/libgcc.a(_aeabi_uldivmod.o)
 .debug_line    0x0000e1e2      0x5f6 /usr/lib/gcc/arm-none-eabi/13.2.1/thumb/v8-a+simd/hard/libgcc.a(_udivmoddi4.o)
 .debug_line    0x0000e7d8       0x4a /usr/lib/gcc/arm-none-eabi/13.2.1/thumb/v8-a+simd/hard/libgcc.a(_dvmd_tls.o)

.debug_str      0x00000000     0x7c22
 .debug_str     0x00000000     0x7c22 main.o
                               0x2f1f (size before relaxing)
 .debug_str     0x00007c22     0x30e8 kernel.o
 .debug_str     0x00007c22     0x16ee ../..//lib/libcircle.a(actled.o)
 .debug_str     0x00007c22      0x6a1 ../..//lib/libcircle.a(devicenameservice.o)
 .debug_str     0x00007c22      0xb8f ../..//lib/libcircle.a(koptions.o)
 .debug_str     0x00007c22      0xc9e ../..//lib/libcircle.a(machineinfo.o)
 .debug_str     0x00007c22      0x768 ../..//lib/libcircle.a(string.o)
 .debug_str     0x00007c22     0x1c75 ../..//lib/libcircle.a(sysinit.o)
 .debug_str     0x00007c22     0x13d1 ../..//lib/libcircle.a(timer.o)
 .debug_str     0x00007c22      0x319 ../..//lib/libcircle.a(util.o)
 .debug_str     0x00007c22      0xccb ../..//lib/libcircle.a(virtualgpiopin.o)
 .debug_str     0x00007c22      0x236 ../..//lib/libcircle.a(chainboot.o)
 .debug_str     0x00007c22      0x86a ../..//lib/libcircle.a(new.o)
 .debug_str     0x00007c22     0x1337 ../..//lib/libcircle.a(heapallocator.o)
 .debug_str     0x00007c22      0xef9 ../..//lib/libcircle.a(2dgraphics.o)
 .debug_str     0x00007c22      0xb58 ../..//lib/libcircle.a(memory.o)
 .debug_str     0x00007c22      0x279 ../..//lib/libcircle.a(pagetable.o)
 .debug_str     0x00007c22      0x214 ../..//lib/libcircle.a(synchronize.o)
 .debug_str     0x00007c22      0x605 ../..//lib/libcircle.a(interrupt.o)
 .debug_str     0x00007c22     0x1ddb ../..//lib/libcircle.a(gpiopin.o)
 .debug_str     0x00007c22     0x112c ../..//lib/libcircle.a(assert.o)
 .debug_str     0x00007c22      0x534 ../..//lib/libcircle.a(display.o)
 .debug_str     0x00007c22     0x1bf5 ../..//lib/libcircle.a(bcmframebuffer.o)
 .debug_str     0x00007c22      0xa8f ../..//lib/libcircle.a(bcmpropertytags.o)
 .debug_str     0x00007c22      0x452 ../..//lib/libcircle.a(chargenerator.o)
 .debug_str     0x00007c22     0x10e9 ../..//lib/libcircle.a(debug.o)
 .debug_str     0x00007c22     0x1a29 ../..//lib/libcircle.a(dmachannel.o)
 .debug_str     0x00007c22     0x1b38 ../..//lib/libcircle.a(logger.o)
 .debug_str     0x00007c22      0x359 ../..//lib/libcircle.a(ptrlist.o)
 .debug_str     0x00007c22      0x3d2 ../..//lib/libcircle.a(pageallocator.o)
 .debug_str     0x00007c22      0x719 ../..//lib/libcircle.a(gpiomanager.o)
 .debug_str     0x00007c22      0xea6 ../..//lib/libcircle.a(bcmmailbox.o)
 .debug_str     0x00007c22     0x13a8 ../..//lib/libcircle.a(exceptionhandler.o)
 .debug_str     0x00007c22       0xa4 /usr/lib/gcc/arm-none-eabi/13.2.1/thumb/v8-a+simd/hard/libgcc.a(_aeabi_uldivmod.o)
 .debug_str     0x00007c22      0x687 /usr/lib/gcc/arm-none-eabi/13.2.1/thumb/v8-a+simd/hard/libgcc.a(_udivmoddi4.o)
 .debug_str     0x00007c22       0xc4 /usr/lib/gcc/arm-none-eabi/13.2.1/thumb/v8-a+simd/hard/libgcc.a(_dvmd_tls.o)

.comment        0x00000000       0x26
 .comment       0x00000000       0x26 main.o
                                 0x27 (size before relaxing)
 .comment       0x00000026       0x27 kernel.o
 .comment       0x00000026       0x27 ../..//lib/libcircle.a(actled.o)
 .comment       0x00000026       0x27 ../..//lib/libcircle.a(devicenameservice.o)
 .comment       0x00000026       0x27 ../..//lib/libcircle.a(koptions.o)
 .comment       0x00000026       0x27 ../..//lib/libcircle.a(machineinfo.o)
 .comment       0x00000026       0x27 ../..//lib/libcircle.a(string.o)
 .comment       0x00000026       0x27 ../..//lib/libcircle.a(sysinit.o)
 .comment       0x00000026       0x27 ../..//lib/libcircle.a(timer.o)
 .comment       0x00000026       0x27 ../..//lib/libcircle.a(util.o)
 .comment       0x00000026       0x27 ../..//lib/libcircle.a(virtualgpiopin.o)
 .comment       0x00000026       0x27 ../..//lib/libcircle.a(chainboot.o)
 .comment       0x00000026       0x27 ../..//lib/libcircle.a(new.o)
 .comment       0x00000026       0x27 ../..//lib/libcircle.a(heapallocator.o)
 .comment       0x00000026       0x27 ../..//lib/libcircle.a(2dgraphics.o)
 .comment       0x00000026       0x27 ../..//lib/libcircle.a(memory.o)
 .comment       0x00000026       0x27 ../..//lib/libcircle.a(pagetable.o)
 .comment       0x00000026       0x27 ../..//lib/libcircle.a(synchronize.o)
 .comment       0x00000026       0x27 ../..//lib/libcircle.a(interrupt.o)
 .comment       0x00000026       0x27 ../..//lib/libcircle.a(gpiopin.o)
 .comment       0x00000026       0x27 ../..//lib/libcircle.a(assert.o)
 .comment       0x00000026       0x27 ../..//lib/libcircle.a(display.o)
 .comment       0x00000026       0x27 ../..//lib/libcircle.a(bcmframebuffer.o)
 .comment       0x00000026       0x27 ../..//lib/libcircle.a(bcmpropertytags.o)
 .comment       0x00000026       0x27 ../..//lib/libcircle.a(chargenerator.o)
 .comment       0x00000026       0x27 ../..//lib/libcircle.a(debug.o)
 .comment       0x00000026       0x27 ../..//lib/libcircle.a(dmachannel.o)
 .comment       0x00000026       0x27 ../..//lib/libcircle.a(logger.o)
 .comment       0x00000026       0x27 ../..//lib/libcircle.a(ptrlist.o)
 .comment       0x00000026       0x27 ../..//lib/libcircle.a(pageallocator.o)
 .comment       0x00000026       0x27 ../..//lib/libcircle.a(gpiomanager.o)
 .comment       0x00000026       0x27 ../..//lib/libcircle.a(bcmmailbox.o)
 .comment       0x00000026       0x27 ../..//lib/libcircle.a(exceptionhandler.o)
 .comment       0x00000026       0x27 /usr/lib/gcc/arm-none-eabi/13.2.1/thumb/v8-a+simd/hard/libgcc.a(_udivmoddi4.o)

.ARM.attributes
                0x00000000       0x37
 .ARM.attributes
                0x00000000       0x39 main.o
 .ARM.attributes
                0x00000039       0x39 kernel.o
 .ARM.attributes
                0x00000072       0x37 ../..//lib/libcircle.a(actled.o)
 .ARM.attributes
                0x000000a9       0x37 ../..//lib/libcircle.a(devicenameservice.o)
 .ARM.attributes
                0x000000e0       0x37 ../..//lib/libcircle.a(koptions.o)
 .ARM.attributes
                0x00000117       0x37 ../..//lib/libcircle.a(machineinfo.o)
 .ARM.attributes
                0x0000014e       0x37 ../..//lib/libcircle.a(string.o)
 .ARM.attributes
                0x00000185       0x37 ../..//lib/libcircle.a(sysinit.o)
 .ARM.attributes
                0x000001bc       0x37 ../..//lib/libcircle.a(timer.o)
 .ARM.attributes
                0x000001f3       0x37 ../..//lib/libcircle.a(util.o)
 .ARM.attributes
                0x0000022a       0x25 ../..//lib/libcircle.a(util_fast.o)
 .ARM.attributes
                0x0000024f       0x37 ../..//lib/libcircle.a(virtualgpiopin.o)
 .ARM.attributes
                0x00000286       0x37 ../..//lib/libcircle.a(chainboot.o)
 .ARM.attributes
                0x000002bd       0x37 ../..//lib/libcircle.a(new.o)
 .ARM.attributes
                0x000002f4       0x37 ../..//lib/libcircle.a(heapallocator.o)
 .ARM.attributes
                0x0000032b       0x37 ../..//lib/libcircle.a(2dgraphics.o)
 .ARM.attributes
                0x00000362       0x25 ../..//lib/libcircle.a(cache-v7.o)
 .ARM.attributes
                0x00000387       0x37 ../..//lib/libcircle.a(memory.o)
 .ARM.attributes
                0x000003be       0x37 ../..//lib/libcircle.a(pagetable.o)
 .ARM.attributes
                0x000003f5       0x25 ../..//lib/libcircle.a(startup.o)
 .ARM.attributes
                0x0000041a       0x37 ../..//lib/libcircle.a(synchronize.o)
 .ARM.attributes
                0x00000451       0x37 ../..//lib/libcircle.a(interrupt.o)
 .ARM.attributes
                0x00000488       0x37 ../..//lib/libcircle.a(gpiopin.o)
 .ARM.attributes
                0x000004bf       0x37 ../..//lib/libcircle.a(assert.o)
 .ARM.attributes
                0x000004f6       0x37 ../..//lib/libcircle.a(display.o)
 .ARM.attributes
                0x0000052d       0x37 ../..//lib/libcircle.a(bcmframebuffer.o)
 .ARM.attributes
                0x00000564       0x37 ../..//lib/libcircle.a(bcmpropertytags.o)
 .ARM.attributes
                0x0000059b       0x37 ../..//lib/libcircle.a(chargenerator.o)
 .ARM.attributes
                0x000005d2       0x37 ../..//lib/libcircle.a(debug.o)
 .ARM.attributes
                0x00000609       0x25 ../..//lib/libcircle.a(delayloop.o)
 .ARM.attributes
                0x0000062e       0x37 ../..//lib/libcircle.a(dmachannel.o)
 .ARM.attributes
                0x00000665       0x37 ../..//lib/libcircle.a(logger.o)
 .ARM.attributes
                0x0000069c       0x37 ../..//lib/libcircle.a(ptrlist.o)
 .ARM.attributes
                0x000006d3       0x37 ../..//lib/libcircle.a(pageallocator.o)
 .ARM.attributes
                0x0000070a       0x25 ../..//lib/libcircle.a(exceptionstub.o)
 .ARM.attributes
                0x0000072f       0x37 ../..//lib/libcircle.a(gpiomanager.o)
 .ARM.attributes
                0x00000766       0x37 ../..//lib/libcircle.a(bcmmailbox.o)
 .ARM.attributes
                0x0000079d       0x37 ../..//lib/libcircle.a(exceptionhandler.o)
 .ARM.attributes
                0x000007d4       0x27 /usr/lib/gcc/arm-none-eabi/13.2.1/thumb/v8-a+simd/hard/libgcc.a(_aeabi_uldivmod.o)
 .ARM.attributes
                0x000007fb       0x39 /usr/lib/gcc/arm-none-eabi/13.2.1/thumb/v8-a+simd/hard/libgcc.a(_udivmoddi4.o)
 .ARM.attributes
                0x00000834       0x27 /usr/lib/gcc/arm-none-eabi/13.2.1/thumb/v8-a+simd/hard/libgcc.a(_dvmd_tls.o)

.debug_frame    0x00000000     0x2720
 .debug_frame   0x00000000       0x30 main.o
 .debug_frame   0x00000030       0x78 kernel.o
 .debug_frame   0x000000a8       0x90 ../..//lib/libcircle.a(actled.o)
 .debug_frame   0x00000138      0x1b8 ../..//lib/libcircle.a(devicenameservice.o)
 .debug_frame   0x000002f0      0x210 ../..//lib/libcircle.a(koptions.o)
 .debug_frame   0x00000500      0x1a8 ../..//lib/libcircle.a(machineinfo.o)
 .debug_frame   0x000006a8      0x370 ../..//lib/libcircle.a(string.o)
 .debug_frame   0x00000a18       0x94 ../..//lib/libcircle.a(sysinit.o)
 .debug_frame   0x00000aac      0x2e8 ../..//lib/libcircle.a(timer.o)
 .debug_frame   0x00000d94      0x184 ../..//lib/libcircle.a(util.o)
 .debug_frame   0x00000f18       0xb8 ../..//lib/libcircle.a(virtualgpiopin.o)
 .debug_frame   0x00000fd0       0x58 ../..//lib/libcircle.a(chainboot.o)
 .debug_frame   0x00001028       0xb0 ../..//lib/libcircle.a(new.o)
 .debug_frame   0x000010d8       0xd0 ../..//lib/libcircle.a(heapallocator.o)
 .debug_frame   0x000011a8      0x364 ../..//lib/libcircle.a(2dgraphics.o)
 .debug_frame   0x0000150c       0xcc ../..//lib/libcircle.a(memory.o)
 .debug_frame   0x000015d8       0x50 ../..//lib/libcircle.a(pagetable.o)
 .debug_frame   0x00001628       0x68 ../..//lib/libcircle.a(synchronize.o)
 .debug_frame   0x00001690      0x1a8 ../..//lib/libcircle.a(interrupt.o)
 .debug_frame   0x00001838      0x338 ../..//lib/libcircle.a(gpiopin.o)
 .debug_frame   0x00001b70       0x2c ../..//lib/libcircle.a(assert.o)
 .debug_frame   0x00001b9c       0x70 ../..//lib/libcircle.a(display.o)
 .debug_frame   0x00001c0c      0x230 ../..//lib/libcircle.a(bcmframebuffer.o)
 .debug_frame   0x00001e3c       0x7c ../..//lib/libcircle.a(bcmpropertytags.o)
 .debug_frame   0x00001eb8       0x44 ../..//lib/libcircle.a(chargenerator.o)
 .debug_frame   0x00001efc       0x64 ../..//lib/libcircle.a(debug.o)
 .debug_frame   0x00001f60      0x1a0 ../..//lib/libcircle.a(dmachannel.o)
 .debug_frame   0x00002100      0x1c0 ../..//lib/libcircle.a(logger.o)
 .debug_frame   0x000022c0       0xe8 ../..//lib/libcircle.a(ptrlist.o)
 .debug_frame   0x000023a8       0xa0 ../..//lib/libcircle.a(pageallocator.o)
 .debug_frame   0x00002448       0xb4 ../..//lib/libcircle.a(gpiomanager.o)
 .debug_frame   0x000024fc       0xac ../..//lib/libcircle.a(bcmmailbox.o)
 .debug_frame   0x000025a8      0x10c ../..//lib/libcircle.a(exceptionhandler.o)
 .debug_frame   0x000026b4       0x2c /usr/lib/gcc/arm-none-eabi/13.2.1/thumb/v8-a+simd/hard/libgcc.a(_aeabi_uldivmod.o)
 .debug_frame   0x000026e0       0x40 /usr/lib/gcc/arm-none-eabi/13.2.1/thumb/v8-a+simd/hard/libgcc.a(_udivmoddi4.o)

.debug_line_str
                0x00000000       0xa4
 .debug_line_str
                0x00000000       0xa4 /usr/lib/gcc/arm-none-eabi/13.2.1/thumb/v8-a+simd/hard/libgcc.a(_aeabi_uldivmod.o)
                                 0x98 (size before relaxing)
 .debug_line_str
                0x000000a4       0x9c /usr/lib/gcc/arm-none-eabi/13.2.1/thumb/v8-a+simd/hard/libgcc.a(_dvmd_tls.o)
